------------------------------------------------------------
Timing Analyzer Summary
------------------------------------------------------------

Type  : Slow 1100mV 85C Model Setup 'clk'
Slack : -4.844
TNS   : -26351.575

Type  : Slow 1100mV 85C Model Hold 'clk'
Slack : 0.184
TNS   : 0.000

Type  : Slow 1100mV 85C Model Recovery 'clk'
Slack : -0.375
TNS   : -8.020

Type  : Slow 1100mV 85C Model Removal 'clk'
Slack : 0.489
TNS   : 0.000

Type  : Slow 1100mV 85C Model Minimum Pulse Width 'clk'
Slack : -3.000
TNS   : -33673.191

Type  : Slow 1100mV 0C Model Setup 'clk'
Slack : -4.607
TNS   : -26377.454

Type  : Slow 1100mV 0C Model Hold 'clk'
Slack : 0.043
TNS   : 0.000

Type  : Slow 1100mV 0C Model Recovery 'clk'
Slack : -0.280
TNS   : -5.686

Type  : Slow 1100mV 0C Model Removal 'clk'
Slack : 0.403
TNS   : 0.000

Type  : Slow 1100mV 0C Model Minimum Pulse Width 'clk'
Slack : -3.000
TNS   : -34437.281

Type  : Fast 1100mV 85C Model Setup 'clk'
Slack : -2.609
TNS   : -8098.327

Type  : Fast 1100mV 85C Model Hold 'clk'
Slack : 0.123
TNS   : 0.000

Type  : Fast 1100mV 85C Model Recovery 'clk'
Slack : 0.285
TNS   : 0.000

Type  : Fast 1100mV 85C Model Removal 'clk'
Slack : 0.200
TNS   : 0.000

Type  : Fast 1100mV 85C Model Minimum Pulse Width 'clk'
Slack : -2.225
TNS   : -16985.487

Type  : Fast 1100mV 0C Model Setup 'clk'
Slack : -2.128
TNS   : -7093.311

Type  : Fast 1100mV 0C Model Hold 'clk'
Slack : 0.056
TNS   : 0.000

Type  : Fast 1100mV 0C Model Recovery 'clk'
Slack : 0.365
TNS   : 0.000

Type  : Fast 1100mV 0C Model Removal 'clk'
Slack : 0.145
TNS   : 0.000

Type  : Fast 1100mV 0C Model Minimum Pulse Width 'clk'
Slack : -2.225
TNS   : -17049.967

------------------------------------------------------------
